plugin@org.eclipse.datatools.connectivity=GIT,tag=v201108101135,repo=git://git.eclipse.org/gitroot/datatools/org.eclipse.datatools.connectivity.git,path=plugins/org.eclipse.datatools.connectivity
plugin@org.eclipse.datatools.connectivity.apache.derby.dbdefinition=GIT,tag=v200906161815,repo=git://git.eclipse.org/gitroot/datatools/org.eclipse.datatools.connectivity.git,path=plugins/org.eclipse.datatools.connectivity.apache.derby.dbdefinition
plugin@org.eclipse.datatools.connectivity.apache.derby.ui=GIT,tag=v201007080903,repo=git://git.eclipse.org/gitroot/datatools/org.eclipse.datatools.connectivity.git,path=plugins/org.eclipse.datatools.connectivity.apache.derby.ui
plugin@org.eclipse.datatools.connectivity.apache.derby=GIT,tag=v201107130538,repo=git://git.eclipse.org/gitroot/datatools/org.eclipse.datatools.connectivity.git,path=plugins/org.eclipse.datatools.connectivity.apache.derby
plugin@org.eclipse.datatools.connectivity.console.profile=GIT,tag=v200906020553,repo=git://git.eclipse.org/gitroot/datatools/org.eclipse.datatools.connectivity.git,path=plugins/org.eclipse.datatools.connectivity.console.profile
plugin@org.eclipse.datatools.connectivity.db.generic.ui=GIT,tag=v201004070709,repo=git://git.eclipse.org/gitroot/datatools/org.eclipse.datatools.connectivity.git,path=plugins/org.eclipse.datatools.connectivity.db.generic.ui
plugin@org.eclipse.datatools.connectivity.db.generic=GIT,tag=v200908130547,repo=git://git.eclipse.org/gitroot/datatools/org.eclipse.datatools.connectivity.git,path=plugins/org.eclipse.datatools.connectivity.db.generic
plugin@org.eclipse.datatools.connectivity.dbdefinition.genericJDBC=GIT,tag=v200906161815,repo=git://git.eclipse.org/gitroot/datatools/org.eclipse.datatools.connectivity.git,path=plugins/org.eclipse.datatools.connectivity.dbdefinition.genericJDBC
plugin@org.eclipse.datatools.connectivity.ui=GIT,tag=v201109221139,repo=git://git.eclipse.org/gitroot/datatools/org.eclipse.datatools.connectivity.git,path=plugins/org.eclipse.datatools.connectivity.ui
plugin@org.eclipse.datatools.connectivity.ui.templates=GIT,tag=v200906020553,repo=git://git.eclipse.org/gitroot/datatools/org.eclipse.datatools.connectivity.git,path=plugins/org.eclipse.datatools.connectivity.ui.templates
plugin@org.eclipse.datatools.connectivity.ui.dse=GIT,tag=v201004270430,repo=git://git.eclipse.org/gitroot/datatools/org.eclipse.datatools.connectivity.git,path=plugins/org.eclipse.datatools.connectivity.ui.dse
plugin@org.eclipse.datatools.connectivity.sqm.core=GIT,tag=v201109022323,repo=git://git.eclipse.org/gitroot/datatools/org.eclipse.datatools.connectivity.git,path=plugins/org.eclipse.datatools.connectivity.sqm.core
plugin@org.eclipse.datatools.connectivity.sqm.core.ui=GIT,tag=v201109230830,repo=git://git.eclipse.org/gitroot/datatools/org.eclipse.datatools.connectivity.git,path=plugins/org.eclipse.datatools.connectivity.sqm.core.ui
plugin@org.eclipse.datatools.connectivity.sqm.server.ui=GIT,tag=v201009280455,repo=git://git.eclipse.org/gitroot/datatools/org.eclipse.datatools.connectivity.git,path=plugins/org.eclipse.datatools.connectivity.sqm.server.ui
plugin@org.eclipse.datatools.connectivity.oda=GIT,tag=v201109140657,repo=git://git.eclipse.org/gitroot/datatools/org.eclipse.datatools.connectivity.git,path=plugins/org.eclipse.datatools.connectivity.oda
plugin@org.eclipse.datatools.connectivity.oda.template.ui=GIT,tag=v201108260345,repo=git://git.eclipse.org/gitroot/datatools/org.eclipse.datatools.connectivity.git,path=plugins/org.eclipse.datatools.connectivity.oda.template.ui
plugin@org.eclipse.datatools.connectivity.oda.profile=GIT,tag=v201109151100,repo=git://git.eclipse.org/gitroot/datatools/org.eclipse.datatools.connectivity.git,path=plugins/org.eclipse.datatools.connectivity.oda.profile
plugin@org.eclipse.datatools.connectivity.oda.flatfile=GIT,tag=v201109091400,repo=git://git.eclipse.org/gitroot/datatools/org.eclipse.datatools.connectivity.git,path=plugins/org.eclipse.datatools.connectivity.oda.flatfile
plugin@org.eclipse.datatools.connectivity.oda.flatfile.ui=GIT,tag=v201109091135,repo=git://git.eclipse.org/gitroot/datatools/org.eclipse.datatools.connectivity.git,path=plugins/org.eclipse.datatools.connectivity.oda.flatfile.ui
plugin@org.eclipse.datatools.connectivity.oda.design=GIT,tag=v201109211529,repo=git://git.eclipse.org/gitroot/datatools/org.eclipse.datatools.connectivity.git,path=plugins/org.eclipse.datatools.connectivity.oda.design
plugin@org.eclipse.datatools.connectivity.oda.design.ui=GIT,tag=v201109221139,repo=git://git.eclipse.org/gitroot/datatools/org.eclipse.datatools.connectivity.git,path=plugins/org.eclipse.datatools.connectivity.oda.design.ui
plugin@org.eclipse.datatools.connectivity.oda.consumer=GIT,tag=v201109151100,repo=git://git.eclipse.org/gitroot/datatools/org.eclipse.datatools.connectivity.git,path=plugins/org.eclipse.datatools.connectivity.oda.consumer
plugin@org.eclipse.datatools.connectivity.jdt=GIT,tag=v200901270704,repo=git://git.eclipse.org/gitroot/datatools/org.eclipse.datatools.connectivity.git,path=plugins/org.eclipse.datatools.connectivity.jdt
