plugin@org.eclipse.datatools.connectivity=v200912241233,:ext:xgu@dev.eclipse.org:/cvsroot/datatools,,org.eclipse.datatools.connectivity/plugins/org.eclipse.datatools.connectivity
plugin@org.eclipse.datatools.connectivity.ui=v200912300708,:ext:xgu@dev.eclipse.org:/cvsroot/datatools,,org.eclipse.datatools.connectivity/plugins/org.eclipse.datatools.connectivity.ui
plugin@org.eclipse.datatools.connectivity.ui.templates=v200906020553,:ext:xgu@dev.eclipse.org:/cvsroot/datatools,,org.eclipse.datatools.connectivity/plugins/org.eclipse.datatools.connectivity.ui.templates
plugin@org.eclipse.datatools.connectivity.ui.dse=v200906020553,:ext:xgu@dev.eclipse.org:/cvsroot/datatools,,org.eclipse.datatools.connectivity/plugins/org.eclipse.datatools.connectivity.ui.dse
plugin@org.eclipse.datatools.connectivity.sqm.core=v200909250137,:ext:xgu@dev.eclipse.org:/cvsroot/datatools,,org.eclipse.datatools.connectivity/plugins/org.eclipse.datatools.connectivity.sqm.core
plugin@org.eclipse.datatools.connectivity.sqm.core.ui=v200910270525,:ext:xgu@dev.eclipse.org:/cvsroot/datatools,,org.eclipse.datatools.connectivity/plugins/org.eclipse.datatools.connectivity.sqm.core.ui
plugin@org.eclipse.datatools.connectivity.sqm.server.ui=v200910270503,:ext:xgu@dev.eclipse.org:/cvsroot/datatools,,org.eclipse.datatools.connectivity/plugins/org.eclipse.datatools.connectivity.sqm.server.ui
plugin@org.eclipse.datatools.connectivity.oda=v201001010918,:ext:xgu@dev.eclipse.org:/cvsroot/datatools,,org.eclipse.datatools.connectivity/plugins/org.eclipse.datatools.connectivity.oda
plugin@org.eclipse.datatools.connectivity.oda.template.ui=v200906020553,:ext:xgu@dev.eclipse.org:/cvsroot/datatools,,org.eclipse.datatools.connectivity/plugins/org.eclipse.datatools.connectivity.oda.template.ui
plugin@org.eclipse.datatools.connectivity.oda.profile=v201001010918,:ext:xgu@dev.eclipse.org:/cvsroot/datatools,,org.eclipse.datatools.connectivity/plugins/org.eclipse.datatools.connectivity.oda.profile
plugin@org.eclipse.datatools.connectivity.oda.flatfile=v200909141730,:ext:xgu@dev.eclipse.org:/cvsroot/datatools,,org.eclipse.datatools.connectivity/plugins/org.eclipse.datatools.connectivity.oda.flatfile
plugin@org.eclipse.datatools.connectivity.oda.flatfile.ui=v200908311750,:ext:xgu@dev.eclipse.org:/cvsroot/datatools,,org.eclipse.datatools.connectivity/plugins/org.eclipse.datatools.connectivity.oda.flatfile.ui
plugin@org.eclipse.datatools.connectivity.oda.design=v200910240418,:ext:xgu@dev.eclipse.org:/cvsroot/datatools,,org.eclipse.datatools.connectivity/plugins/org.eclipse.datatools.connectivity.oda.design
plugin@org.eclipse.datatools.connectivity.oda.design.ui=v201001010918,:ext:xgu@dev.eclipse.org:/cvsroot/datatools,,org.eclipse.datatools.connectivity/plugins/org.eclipse.datatools.connectivity.oda.design.ui
plugin@org.eclipse.datatools.connectivity.oda.consumer=v200912080900,:ext:xgu@dev.eclipse.org:/cvsroot/datatools,,org.eclipse.datatools.connectivity/plugins/org.eclipse.datatools.connectivity.oda.consumer
plugin@org.eclipse.datatools.help=v200906020553,:ext:xgu@dev.eclipse.org:/cvsroot/datatools,,org.eclipse.datatools.build/org.eclipse.datatools.help
plugin@org.eclipse.datatools.oda.cshelp=v200907031118,:ext:xgu@dev.eclipse.org:/cvsroot/datatools,,org.eclipse.datatools.build/org.eclipse.datatools.oda.cshelp
plugin@org.eclipse.datatools.connectivity.console.profile=v200906020553,:ext:xgu@dev.eclipse.org:/cvsroot/datatools,,org.eclipse.datatools.connectivity/plugins/org.eclipse.datatools.connectivity.console.profile