plugin@org.eclipse.datatools.connectivity=v200902120538,:pserver:anonymous@dev.eclipse.org:/cvsroot/datatools,,org.eclipse.datatools.connectivity/plugins/org.eclipse.datatools.connectivity
plugin@org.eclipse.datatools.connectivity.ui=v200902030445,:pserver:anonymous@dev.eclipse.org:/cvsroot/datatools,,org.eclipse.datatools.connectivity/plugins/org.eclipse.datatools.connectivity.ui
plugin@org.eclipse.datatools.connectivity.ui.templates=v200902030445,:pserver:anonymous@dev.eclipse.org:/cvsroot/datatools,,org.eclipse.datatools.connectivity/plugins/org.eclipse.datatools.connectivity.ui.templates
plugin@org.eclipse.datatools.connectivity.ui.dse=v200902030445,:pserver:anonymous@dev.eclipse.org:/cvsroot/datatools,,org.eclipse.datatools.connectivity/plugins/org.eclipse.datatools.connectivity.ui.dse
plugin@org.eclipse.datatools.connectivity.sqm.core=v200902120906,:pserver:anonymous@dev.eclipse.org:/cvsroot/datatools,,org.eclipse.datatools.connectivity/plugins/org.eclipse.datatools.connectivity.sqm.core
plugin@org.eclipse.datatools.connectivity.sqm.core.ui=v200902120930,:pserver:anonymous@dev.eclipse.org:/cvsroot/datatools,,org.eclipse.datatools.connectivity/plugins/org.eclipse.datatools.connectivity.sqm.core.ui
plugin@org.eclipse.datatools.connectivity.sqm.server.ui=v200902120854,:pserver:anonymous@dev.eclipse.org:/cvsroot/datatools,,org.eclipse.datatools.connectivity/plugins/org.eclipse.datatools.connectivity.sqm.server.ui
plugin@org.eclipse.datatools.connectivity.oda=v200902121400,:pserver:anonymous@dev.eclipse.org:/cvsroot/datatools,,org.eclipse.datatools.connectivity/plugins/org.eclipse.datatools.connectivity.oda
plugin@org.eclipse.datatools.connectivity.oda.template.ui=v200902030445,:pserver:anonymous@dev.eclipse.org:/cvsroot/datatools,,org.eclipse.datatools.connectivity/plugins/org.eclipse.datatools.connectivity.oda.template.ui
plugin@org.eclipse.datatools.connectivity.oda.profile=v200902030445,:pserver:anonymous@dev.eclipse.org:/cvsroot/datatools,,org.eclipse.datatools.connectivity/plugins/org.eclipse.datatools.connectivity.oda.profile
plugin@org.eclipse.datatools.connectivity.oda.flatfile=v200902030445,:pserver:anonymous@dev.eclipse.org:/cvsroot/datatools,,org.eclipse.datatools.connectivity/plugins/org.eclipse.datatools.connectivity.oda.flatfile
plugin@org.eclipse.datatools.connectivity.oda.flatfile.ui=v200902121610,:pserver:anonymous@dev.eclipse.org:/cvsroot/datatools,,org.eclipse.datatools.connectivity/plugins/org.eclipse.datatools.connectivity.oda.flatfile.ui
plugin@org.eclipse.datatools.connectivity.oda.design=v200902121055,:pserver:anonymous@dev.eclipse.org:/cvsroot/datatools,,org.eclipse.datatools.connectivity/plugins/org.eclipse.datatools.connectivity.oda.design
plugin@org.eclipse.datatools.connectivity.oda.design.ui=v200901300845,:pserver:anonymous@dev.eclipse.org:/cvsroot/datatools,,org.eclipse.datatools.connectivity/plugins/org.eclipse.datatools.connectivity.oda.design.ui
plugin@org.eclipse.datatools.connectivity.oda.consumer=v200902030445,:pserver:anonymous@dev.eclipse.org:/cvsroot/datatools,,org.eclipse.datatools.connectivity/plugins/org.eclipse.datatools.connectivity.oda.consumer
plugin@org.eclipse.datatools.help=v200805152355,:pserver:anonymous@dev.eclipse.org:/cvsroot/datatools,,org.eclipse.datatools.build/org.eclipse.datatools.help
plugin@org.eclipse.datatools.oda.cshelp=v200810240330,:pserver:anonymous@dev.eclipse.org:/cvsroot/datatools,,org.eclipse.datatools.build/org.eclipse.datatools.oda.cshelp
plugin@org.eclipse.datatools.connectivity.console.profile=v200902030445,:pserver:anonymous@dev.eclipse.org:/cvsroot/datatools,,org.eclipse.datatools.connectivity/plugins/org.eclipse.datatools.connectivity.console.profile