plugin@org.eclipse.datatools.enablement.oda.ws.ui=GIT,tag=v201305231518,repo=git://git.eclipse.org/gitroot/datatools/org.eclipse.datatools.enablement.oda.git,path=plugins/org.eclipse.datatools.enablement.oda.ws.ui
plugin@org.eclipse.datatools.enablement.oda.ws=GIT,tag=v201305031101,repo=git://git.eclipse.org/gitroot/datatools/org.eclipse.datatools.enablement.oda.git,path=plugins/org.eclipse.datatools.enablement.oda.ws
plugin@org.eclipse.datatools.enablement.oda.xml.ui=GIT,tag=v201305240030,repo=git://git.eclipse.org/gitroot/datatools/org.eclipse.datatools.enablement.oda.git,path=plugins/org.eclipse.datatools.enablement.oda.xml.ui
plugin@org.eclipse.datatools.enablement.oda.xml=GIT,tag=v201305031101,repo=git://git.eclipse.org/gitroot/datatools/org.eclipse.datatools.enablement.oda.git,path=plugins/org.eclipse.datatools.enablement.oda.xml
plugin@org.eclipse.datatools.connectivity.oda.flatfile=GIT,tag=v201305221644,repo=git://git.eclipse.org/gitroot/datatools/org.eclipse.datatools.enablement.oda.git,path=plugins/org.eclipse.datatools.connectivity.oda.flatfile
plugin@org.eclipse.datatools.connectivity.oda.flatfile.ui=GIT,tag=v201305221725,repo=git://git.eclipse.org/gitroot/datatools/org.eclipse.datatools.enablement.oda.git,path=plugins/org.eclipse.datatools.connectivity.oda.flatfile.ui
