plugin@org.eclipse.datatools.sqltools.common.ui=GIT,tag=v200906022302,repo=git://git.eclipse.org/gitroot/datatools/org.eclipse.datatools.sqltools.git,path=plugins/org.eclipse.datatools.sqltools.common.ui
plugin@org.eclipse.datatools.sqltools.data.core=GIT,tag=v201109260445,repo=git://git.eclipse.org/gitroot/datatools/org.eclipse.datatools.sqltools.git,path=plugins/org.eclipse.datatools.sqltools.data.core
plugin@org.eclipse.datatools.sqltools.data.ui=GIT,tag=v201010270945,repo=git://git.eclipse.org/gitroot/datatools/org.eclipse.datatools.sqltools.git,path=plugins/org.eclipse.datatools.sqltools.data.ui
plugin@org.eclipse.datatools.sqltools.ddlgen.ui=GIT,tag=v201002270530,repo=git://git.eclipse.org/gitroot/datatools/org.eclipse.datatools.sqltools.git,path=plugins/org.eclipse.datatools.sqltools.ddlgen.ui
plugin@org.eclipse.datatools.sqltools.debugger.core=GIT,tag=v201005250945,repo=git://git.eclipse.org/gitroot/datatools/org.eclipse.datatools.sqltools.git,path=plugins/org.eclipse.datatools.sqltools.debugger.core
plugin@org.eclipse.datatools.sqltools.debugger.core.ui=GIT,tag=v201003161000,repo=git://git.eclipse.org/gitroot/datatools/org.eclipse.datatools.sqltools.git,path=plugins/org.eclipse.datatools.sqltools.debugger.core.ui
plugin@org.eclipse.datatools.sqltools.db.derby=GIT,tag=v200906020900,repo=git://git.eclipse.org/gitroot/datatools/org.eclipse.datatools.sqltools.git,path=plugins/org.eclipse.datatools.sqltools.db.derby
plugin@org.eclipse.datatools.sqltools.db.derby.ui=GIT,tag=v200906020900,repo=git://git.eclipse.org/gitroot/datatools/org.eclipse.datatools.sqltools.git,path=plugins/org.eclipse.datatools.sqltools.db.derby.ui
plugin@org.eclipse.datatools.sqltools.db.generic=GIT,tag=v200906020900,repo=git://git.eclipse.org/gitroot/datatools/org.eclipse.datatools.sqltools.git,path=plugins/org.eclipse.datatools.sqltools.db.generic
plugin@org.eclipse.datatools.sqltools.db.generic.ui=GIT,tag=v200906020900,repo=git://git.eclipse.org/gitroot/datatools/org.eclipse.datatools.sqltools.git,path=plugins/org.eclipse.datatools.sqltools.db.generic.ui
plugin@org.eclipse.datatools.sqltools.editor.core=GIT,tag=v201001150815,repo=git://git.eclipse.org/gitroot/datatools/org.eclipse.datatools.sqltools.git,path=plugins/org.eclipse.datatools.sqltools.editor.core
plugin@org.eclipse.datatools.sqltools.editor.core.ui=GIT,tag=v201001150815,repo=git://git.eclipse.org/gitroot/datatools/org.eclipse.datatools.sqltools.git,path=plugins/org.eclipse.datatools.sqltools.editor.core.ui
plugin@org.eclipse.datatools.sqltools.parsers.sql=GIT,tag=v201004291415,repo=git://git.eclipse.org/gitroot/datatools/org.eclipse.datatools.sqltools.git,path=plugins/org.eclipse.datatools.sqltools.parsers.sql
plugin@org.eclipse.datatools.sqltools.parsers.sql.lexer=GIT,tag=v200906030654,repo=git://git.eclipse.org/gitroot/datatools/org.eclipse.datatools.sqltools.git,path=plugins/org.eclipse.datatools.sqltools.parsers.sql.lexer
plugin@org.eclipse.datatools.sqltools.parsers.sql.query=GIT,tag=v201004291415,repo=git://git.eclipse.org/gitroot/datatools/org.eclipse.datatools.sqltools.git,path=plugins/org.eclipse.datatools.sqltools.parsers.sql.query
plugin@org.eclipse.datatools.sqltools.parsers.sql.xml.query=GIT,tag=v200906022302,repo=git://git.eclipse.org/gitroot/datatools/org.eclipse.datatools.sqltools.git,path=plugins/org.eclipse.datatools.sqltools.parsers.sql.xml.query
plugin@org.eclipse.datatools.sqltools.plan=GIT,tag=v200906022302,repo=git://git.eclipse.org/gitroot/datatools/org.eclipse.datatools.sqltools.git,path=plugins/org.eclipse.datatools.sqltools.plan
plugin@org.eclipse.datatools.sqltools.result=GIT,tag=v201101210500,repo=git://git.eclipse.org/gitroot/datatools/org.eclipse.datatools.sqltools.git,path=plugins/org.eclipse.datatools.sqltools.result
plugin@org.eclipse.datatools.sqltools.result.ui=GIT,tag=v201109260450,repo=git://git.eclipse.org/gitroot/datatools/org.eclipse.datatools.sqltools.git,path=plugins/org.eclipse.datatools.sqltools.result.ui
plugin@org.eclipse.datatools.sqltools.routineeditor=GIT,tag=v201003161000,repo=git://git.eclipse.org/gitroot/datatools/org.eclipse.datatools.sqltools.git,path=plugins/org.eclipse.datatools.sqltools.routineeditor
plugin@org.eclipse.datatools.sqltools.routineeditor.ui=GIT,tag=v201004060545,repo=git://git.eclipse.org/gitroot/datatools/org.eclipse.datatools.sqltools.git,path=plugins/org.eclipse.datatools.sqltools.routineeditor.ui
plugin@org.eclipse.datatools.sqltools.sqlbuilder=GIT,tag=v201009131745,repo=git://git.eclipse.org/gitroot/datatools/org.eclipse.datatools.sqltools.git,path=plugins/org.eclipse.datatools.sqltools.sqlbuilder
plugin@org.eclipse.datatools.sqltools.sqleditor=GIT,tag=v201009230800,repo=git://git.eclipse.org/gitroot/datatools/org.eclipse.datatools.sqltools.git,path=plugins/org.eclipse.datatools.sqltools.sqleditor
plugin@org.eclipse.datatools.sqltools.sqlscrapbook=GIT,tag=v201005250945,repo=git://git.eclipse.org/gitroot/datatools/org.eclipse.datatools.sqltools.git,path=plugins/org.eclipse.datatools.sqltools.sqlscrapbook
plugin@org.eclipse.datatools.sqltools.sql=GIT,tag=v200906022302,repo=git://git.eclipse.org/gitroot/datatools/org.eclipse.datatools.sqltools.git,path=plugins/org.eclipse.datatools.sqltools.sql
plugin@org.eclipse.datatools.sqltools.sql.ui=GIT,tag=v200906022302,repo=git://git.eclipse.org/gitroot/datatools/org.eclipse.datatools.sqltools.git,path=plugins/org.eclipse.datatools.sqltools.sql.ui
plugin@org.eclipse.datatools.sqltools.tabledataeditor=GIT,tag=v201005250945,repo=git://git.eclipse.org/gitroot/datatools/org.eclipse.datatools.sqltools.git,path=plugins/org.eclipse.datatools.sqltools.tabledataeditor
plugin@org.eclipse.datatools.sqltools.schemaobjecteditor=GIT,tag=v200906022302,repo=git://git.eclipse.org/gitroot/datatools/org.eclipse.datatools.sqltools.git,path=plugins/org.eclipse.datatools.sqltools.schemaobjecteditor
plugin@org.eclipse.datatools.sqltools.schemaobjecteditor.ui=GIT,tag=v201005140545,repo=git://git.eclipse.org/gitroot/datatools/org.eclipse.datatools.sqltools.git,path=plugins/org.eclipse.datatools.sqltools.schemaobjecteditor.ui
plugin@org.eclipse.datatools.sqltools.schemaobjecteditor.ui.pages=GIT,tag=v200906161452,repo=git://git.eclipse.org/gitroot/datatools/org.eclipse.datatools.sqltools.git,path=plugins/org.eclipse.datatools.sqltools.schemaobjecteditor.ui.pages
