plugin@org.eclipse.datatools.sqltools.common.ui=v200906022302,:ext:xgu@dev.eclipse.org:/cvsroot/datatools,,org.eclipse.datatools.sqltools/plugins/org.eclipse.datatools.sqltools.common.ui
plugin@org.eclipse.datatools.sqltools.data.core=v201004300300,:ext:xgu@dev.eclipse.org:/cvsroot/datatools,,org.eclipse.datatools.sqltools/plugins/org.eclipse.datatools.sqltools.data.core
plugin@org.eclipse.datatools.sqltools.data.ui=v201004300300,:ext:xgu@dev.eclipse.org:/cvsroot/datatools,,org.eclipse.datatools.sqltools/plugins/org.eclipse.datatools.sqltools.data.ui
plugin@org.eclipse.datatools.sqltools.ddlgen.ui=v201002270530,:ext:xgu@dev.eclipse.org:/cvsroot/datatools,,org.eclipse.datatools.sqltools/plugins/org.eclipse.datatools.sqltools.ddlgen.ui
plugin@org.eclipse.datatools.sqltools.debugger.core=v201003161000,:ext:xgu@dev.eclipse.org:/cvsroot/datatools,,org.eclipse.datatools.sqltools/plugins/org.eclipse.datatools.sqltools.debugger.core
plugin@org.eclipse.datatools.sqltools.debugger.core.ui=v201003161000,:ext:xgu@dev.eclipse.org:/cvsroot/datatools,,org.eclipse.datatools.sqltools/plugins/org.eclipse.datatools.sqltools.debugger.core.ui
plugin@org.eclipse.datatools.sqltools.editor.core=v201001150815,:ext:xgu@dev.eclipse.org:/cvsroot/datatools,,org.eclipse.datatools.sqltools/plugins/org.eclipse.datatools.sqltools.editor.core
plugin@org.eclipse.datatools.sqltools.editor.core.ui=v201001150815,:ext:xgu@dev.eclipse.org:/cvsroot/datatools,,org.eclipse.datatools.sqltools/plugins/org.eclipse.datatools.sqltools.editor.core.ui
plugin@org.eclipse.datatools.sqltools.parsers.sql=v201004291415,:ext:xgu@dev.eclipse.org:/cvsroot/datatools,,org.eclipse.datatools.sqltools/plugins/org.eclipse.datatools.sqltools.parsers.sql
plugin@org.eclipse.datatools.sqltools.parsers.sql.lexer=v200906030654,:ext:xgu@dev.eclipse.org:/cvsroot/datatools,,org.eclipse.datatools.sqltools/plugins/org.eclipse.datatools.sqltools.parsers.sql.lexer
plugin@org.eclipse.datatools.sqltools.parsers.sql.query=v201004291415,:ext:xgu@dev.eclipse.org:/cvsroot/datatools,,org.eclipse.datatools.sqltools/plugins/org.eclipse.datatools.sqltools.parsers.sql.query
plugin@org.eclipse.datatools.sqltools.parsers.sql.xml.query=v200906022302,:ext:xgu@dev.eclipse.org:/cvsroot/datatools,,org.eclipse.datatools.sqltools/plugins/org.eclipse.datatools.sqltools.parsers.sql.xml.query
plugin@org.eclipse.datatools.sqltools.plan=v200906022302,:ext:xgu@dev.eclipse.org:/cvsroot/datatools,,org.eclipse.datatools.sqltools/plugins/org.eclipse.datatools.sqltools.plan
plugin@org.eclipse.datatools.sqltools.result=v201004230200,:ext:xgu@dev.eclipse.org:/cvsroot/datatools,,org.eclipse.datatools.sqltools/plugins/org.eclipse.datatools.sqltools.result
plugin@org.eclipse.datatools.sqltools.result.ui=v201005130500,:ext:xgu@dev.eclipse.org:/cvsroot/datatools,,org.eclipse.datatools.sqltools/plugins/org.eclipse.datatools.sqltools.result.ui
plugin@org.eclipse.datatools.sqltools.routineeditor=v201003161000,:ext:xgu@dev.eclipse.org:/cvsroot/datatools,,org.eclipse.datatools.sqltools/plugins/org.eclipse.datatools.sqltools.routineeditor
plugin@org.eclipse.datatools.sqltools.routineeditor.ui=v201004060545,:ext:xgu@dev.eclipse.org:/cvsroot/datatools,,org.eclipse.datatools.sqltools/plugins/org.eclipse.datatools.sqltools.routineeditor.ui
plugin@org.eclipse.datatools.sqltools.sqlbuilder=v201005130730,:ext:xgu@dev.eclipse.org:/cvsroot/datatools,,org.eclipse.datatools.sqltools/plugins/org.eclipse.datatools.sqltools.sqlbuilder
plugin@org.eclipse.datatools.sqltools.sqleditor=v201005130745,:ext:xgu@dev.eclipse.org:/cvsroot/datatools,,org.eclipse.datatools.sqltools/plugins/org.eclipse.datatools.sqltools.sqleditor
plugin@org.eclipse.datatools.sqltools.sqlscrapbook=v201005130715,:ext:xgu@dev.eclipse.org:/cvsroot/datatools,,org.eclipse.datatools.sqltools/plugins/org.eclipse.datatools.sqltools.sqlscrapbook
plugin@org.eclipse.datatools.sqltools.sql=v200906022302,:ext:xgu@dev.eclipse.org:/cvsroot/datatools,,org.eclipse.datatools.sqltools/plugins/org.eclipse.datatools.sqltools.sql
plugin@org.eclipse.datatools.sqltools.sql.ui=v200906022302,:ext:xgu@dev.eclipse.org:/cvsroot/datatools,,org.eclipse.datatools.sqltools/plugins/org.eclipse.datatools.sqltools.sql.ui
plugin@org.eclipse.datatools.sqltools.tabledataeditor=v201003051930,:ext:xgu@dev.eclipse.org:/cvsroot/datatools,,org.eclipse.datatools.sqltools/plugins/org.eclipse.datatools.sqltools.tabledataeditor
plugin@org.eclipse.datatools.sqltools.schemaobjecteditor=v200906022302,:ext:xgu@dev.eclipse.org:/cvsroot/datatools,,org.eclipse.datatools.sqltools/plugins/org.eclipse.datatools.sqltools.schemaobjecteditor
plugin@org.eclipse.datatools.sqltools.schemaobjecteditor.ui=v201005111600,:ext:xgu@dev.eclipse.org:/cvsroot/datatools,,org.eclipse.datatools.sqltools/plugins/org.eclipse.datatools.sqltools.schemaobjecteditor.ui
plugin@org.eclipse.datatools.sqltools.schemaobjecteditor.ui.pages=v200906161452,:ext:xgu@dev.eclipse.org:/cvsroot/datatools,,org.eclipse.datatools.sqltools/plugins/org.eclipse.datatools.sqltools.schemaobjecteditor.ui.pages