plugin@org.eclipse.datatools.enablement.sybase.asa.models=GIT,tag=v201010140307,repo=git://git.eclipse.org/gitroot/datatools/org.eclipse.datatools.enablement.sybase.git,path=plugins/org.eclipse.datatools.enablement.sybase.asa.models
plugin@org.eclipse.datatools.enablement.sybase.asa=GIT,tag=v200906020900,repo=git://git.eclipse.org/gitroot/datatools/org.eclipse.datatools.enablement.sybase.git,path=plugins/org.eclipse.datatools.enablement.sybase.asa
plugin@org.eclipse.datatools.enablement.sybase.asa.dbdefinition=GIT,tag=v200906161800,repo=git://git.eclipse.org/gitroot/datatools/org.eclipse.datatools.enablement.sybase.git,path=plugins/org.eclipse.datatools.enablement.sybase.asa.dbdefinition
plugin@org.eclipse.datatools.enablement.sybase.ase.dbdefinition=GIT,tag=v200906161800,repo=git://git.eclipse.org/gitroot/datatools/org.eclipse.datatools.enablement.sybase.git,path=plugins/org.eclipse.datatools.enablement.sybase.ase.dbdefinition
plugin@org.eclipse.datatools.enablement.sybase=GIT,tag=v200906020900,repo=git://git.eclipse.org/gitroot/datatools/org.eclipse.datatools.enablement.sybase.git,path=plugins/org.eclipse.datatools.enablement.sybase
plugin@org.eclipse.datatools.enablement.sybase.models=GIT,tag=v201010140307,repo=git://git.eclipse.org/gitroot/datatools/org.eclipse.datatools.enablement.sybase.git,path=plugins/org.eclipse.datatools.enablement.sybase.models
plugin@org.eclipse.datatools.enablement.sybase.ui=GIT,tag=v200906090458,repo=git://git.eclipse.org/gitroot/datatools/org.eclipse.datatools.enablement.sybase.git,path=plugins/org.eclipse.datatools.enablement.sybase.ui
plugin@org.eclipse.datatools.enablement.sybase.asa.ui=GIT,tag=v200906111150,repo=git://git.eclipse.org/gitroot/datatools/org.eclipse.datatools.enablement.sybase.git,path=plugins/org.eclipse.datatools.enablement.sybase.asa.ui
plugin@org.eclipse.datatools.enablement.sybase.asa.schemaobjecteditor.examples=GIT,tag=v200906161432,repo=git://git.eclipse.org/gitroot/datatools/org.eclipse.datatools.enablement.sybase.git,path=plugins/org.eclipse.datatools.enablement.sybase.asa.schemaobjecteditor.examples
plugin@org.eclipse.datatools.enablement.sybase.ase=GIT,tag=v200906020900,repo=git://git.eclipse.org/gitroot/datatools/org.eclipse.datatools.enablement.sybase.git,path=plugins/org.eclipse.datatools.enablement.sybase.ase
plugin@org.eclipse.datatools.enablement.sybase.ase.models=GIT,tag=v201010140307,repo=git://git.eclipse.org/gitroot/datatools/org.eclipse.datatools.enablement.sybase.git,path=plugins/org.eclipse.datatools.enablement.sybase.ase.models
plugin@org.eclipse.datatools.enablement.sybase.ase.ui=GIT,tag=v200906020900,repo=git://git.eclipse.org/gitroot/datatools/org.eclipse.datatools.enablement.sybase.git,path=plugins/org.eclipse.datatools.enablement.sybase.ase.ui
