plugin@org.eclipse.datatools.enablement.ibm.db2.iseries.dbdefinition=GIT,tag=v200906161800,repo=git://git.eclipse.org/gitroot/datatools/org.eclipse.datatools.enablement.ibm.git,path=plugins/org.eclipse.datatools.enablement.ibm.db2.iseries.dbdefinition
plugin@org.eclipse.datatools.enablement.ibm.db2.iseries.ui=GIT,tag=v201005211230,repo=git://git.eclipse.org/gitroot/datatools/org.eclipse.datatools.enablement.ibm.git,path=plugins/org.eclipse.datatools.enablement.ibm.db2.iseries.ui
plugin@org.eclipse.datatools.enablement.ibm.db2.iseries=GIT,tag=v201005211230,repo=git://git.eclipse.org/gitroot/datatools/org.eclipse.datatools.enablement.ibm.git,path=plugins/org.eclipse.datatools.enablement.ibm.db2.iseries
plugin@org.eclipse.datatools.enablement.ibm.db2.luw.dbdefinition=GIT,tag=v201005211215,repo=git://git.eclipse.org/gitroot/datatools/org.eclipse.datatools.enablement.ibm.git,path=plugins/org.eclipse.datatools.enablement.ibm.db2.luw.dbdefinition
plugin@org.eclipse.datatools.enablement.ibm.db2.luw.ui=GIT,tag=v201005211230,repo=git://git.eclipse.org/gitroot/datatools/org.eclipse.datatools.enablement.ibm.git,path=plugins/org.eclipse.datatools.enablement.ibm.db2.luw.ui
plugin@org.eclipse.datatools.enablement.ibm.db2.luw=GIT,tag=v201005211230,repo=git://git.eclipse.org/gitroot/datatools/org.eclipse.datatools.enablement.ibm.git,path=plugins/org.eclipse.datatools.enablement.ibm.db2.luw
plugin@org.eclipse.datatools.enablement.ibm.db2.zseries.dbdefinition=GIT,tag=v201005211230,repo=git://git.eclipse.org/gitroot/datatools/org.eclipse.datatools.enablement.ibm.git,path=plugins/org.eclipse.datatools.enablement.ibm.db2.zseries.dbdefinition
plugin@org.eclipse.datatools.enablement.ibm.db2.zseries.ui=GIT,tag=v201005211230,repo=git://git.eclipse.org/gitroot/datatools/org.eclipse.datatools.enablement.ibm.git,path=plugins/org.eclipse.datatools.enablement.ibm.db2.zseries.ui
plugin@org.eclipse.datatools.enablement.ibm.db2.zseries=GIT,tag=v201005211230,repo=git://git.eclipse.org/gitroot/datatools/org.eclipse.datatools.enablement.ibm.git,path=plugins/org.eclipse.datatools.enablement.ibm.db2.zseries
plugin@org.eclipse.datatools.enablement.ibm.informix.dbdefinition=GIT,tag=v201005211230,repo=git://git.eclipse.org/gitroot/datatools/org.eclipse.datatools.enablement.ibm.git,path=plugins/org.eclipse.datatools.enablement.ibm.informix.dbdefinition
plugin@org.eclipse.datatools.enablement.ibm.informix.ui=GIT,tag=v201005211230,repo=git://git.eclipse.org/gitroot/datatools/org.eclipse.datatools.enablement.ibm.git,path=plugins/org.eclipse.datatools.enablement.ibm.informix.ui
plugin@org.eclipse.datatools.enablement.ibm.informix=GIT,tag=v201005211230,repo=git://git.eclipse.org/gitroot/datatools/org.eclipse.datatools.enablement.ibm.git,path=plugins/org.eclipse.datatools.enablement.ibm.informix
plugin@org.eclipse.datatools.enablement.ibm.ui=GIT,tag=v200906020900,repo=git://git.eclipse.org/gitroot/datatools/org.eclipse.datatools.enablement.ibm.git,path=plugins/org.eclipse.datatools.enablement.ibm.ui
