!**************** SDK FEATURES **************************
feature@org.eclipse.datatools.sdk-all.feature=GIT,tag=v201108301820,repo=git://git.eclipse.org/gitroot/datatools/org.eclipse.datatools.build.git,path=features/org.eclipse.datatools.sdk-all.feature
feature@org.eclipse.datatools.enablement.sdk.feature=GIT,tag=v201108301820,repo=git://git.eclipse.org/gitroot/datatools/org.eclipse.datatools.build.git,path=features/org.eclipse.datatools.enablement.sdk.feature
feature@org.eclipse.datatools.sdk.feature=GIT,tag=v201108301820,repo=git://git.eclipse.org/gitroot/datatools/org.eclipse.datatools.build.git,path=features/org.eclipse.datatools.sdk.feature

!**************** CONNECTIVITY FEATURES *****************
feature@org.eclipse.datatools.connectivity.feature=GIT,tag=v201108301820,repo=git://git.eclipse.org/gitroot/datatools/org.eclipse.datatools.build.git,path=features/org.eclipse.datatools.connectivity.feature
feature@org.eclipse.datatools.connectivity.oda.designer.feature=GIT,tag=v201108301820,repo=git://git.eclipse.org/gitroot/datatools/org.eclipse.datatools.build.git,path=features/org.eclipse.datatools.connectivity.oda.designer.feature
feature@org.eclipse.datatools.connectivity.oda.feature=GIT,tag=v201108301820,repo=git://git.eclipse.org/gitroot/datatools/org.eclipse.datatools.build.git,path=features/org.eclipse.datatools.connectivity.oda.feature
feature@org.eclipse.datatools.connectivity.oda.designer.core.feature=GIT,tag=v201108301820,repo=git://git.eclipse.org/gitroot/datatools/org.eclipse.datatools.build.git,path=features/org.eclipse.datatools.connectivity.oda.designer.core.feature

!**************** ENABLEMENT FEATURES *******************
feature@org.eclipse.datatools.enablement.feature=GIT,tag=v201108301820,repo=git://git.eclipse.org/gitroot/datatools/org.eclipse.datatools.build.git,path=features/org.eclipse.datatools.enablement.feature
feature@org.eclipse.datatools.enablement.apache.derby.feature=GIT,tag=v201108301820,repo=git://git.eclipse.org/gitroot/datatools/org.eclipse.datatools.build.git,path=features/org.eclipse.datatools.enablement.apache.derby.feature
feature@org.eclipse.datatools.enablement.hsqldb.feature=GIT,tag=v201108301820,repo=git://git.eclipse.org/gitroot/datatools/org.eclipse.datatools.build.git,path=features/org.eclipse.datatools.enablement.hsqldb.feature
feature@org.eclipse.datatools.enablement.ibm.feature=GIT,tag=v201108301820,repo=git://git.eclipse.org/gitroot/datatools/org.eclipse.datatools.build.git,path=features/org.eclipse.datatools.enablement.ibm.feature
feature@org.eclipse.datatools.enablement.jdbc.feature=GIT,tag=v201108301820,repo=git://git.eclipse.org/gitroot/datatools/org.eclipse.datatools.build.git,path=features/org.eclipse.datatools.enablement.jdbc.feature
feature@org.eclipse.datatools.enablement.jdt.feature=GIT,tag=v201108301820,repo=git://git.eclipse.org/gitroot/datatools/org.eclipse.datatools.build.git,path=features/org.eclipse.datatools.enablement.jdt.feature
feature@org.eclipse.datatools.enablement.msft.feature=GIT,tag=v201108301820,repo=git://git.eclipse.org/gitroot/datatools/org.eclipse.datatools.build.git,path=features/org.eclipse.datatools.enablement.msft.feature
feature@org.eclipse.datatools.enablement.mysql.feature=GIT,tag=v201108301820,repo=git://git.eclipse.org/gitroot/datatools/org.eclipse.datatools.build.git,path=features/org.eclipse.datatools.enablement.mysql.feature
feature@org.eclipse.datatools.enablement.oda.designer.feature=GIT,tag=v201108301820,repo=git://git.eclipse.org/gitroot/datatools/org.eclipse.datatools.build.git,path=features/org.eclipse.datatools.enablement.oda.designer.feature
feature@org.eclipse.datatools.enablement.oda.feature=GIT,tag=v201108301820,repo=git://git.eclipse.org/gitroot/datatools/org.eclipse.datatools.build.git,path=features/org.eclipse.datatools.enablement.oda.feature
feature@org.eclipse.datatools.enablement.oracle.feature=GIT,tag=v201108301820,repo=git://git.eclipse.org/gitroot/datatools/org.eclipse.datatools.build.git,path=features/org.eclipse.datatools.enablement.oracle.feature
feature@org.eclipse.datatools.enablement.postgresql.feature=GIT,tag=v201108301820,repo=git://git.eclipse.org/gitroot/datatools/org.eclipse.datatools.build.git,path=features/org.eclipse.datatools.enablement.postgresql.feature
feature@org.eclipse.datatools.enablement.sap.feature=GIT,tag=v201108301820,repo=git://git.eclipse.org/gitroot/datatools/org.eclipse.datatools.build.git,path=features/org.eclipse.datatools.enablement.sap.feature
feature@org.eclipse.datatools.enablement.sybase.feature=GIT,tag=v201108301820,repo=git://git.eclipse.org/gitroot/datatools/org.eclipse.datatools.build.git,path=features/org.eclipse.datatools.enablement.sybase.feature
feature@org.eclipse.datatools.enablement.ingres.feature=GIT,tag=v201108301820,repo=git://git.eclipse.org/gitroot/datatools/org.eclipse.datatools.build.git,path=features/org.eclipse.datatools.enablement.ingres.feature
feature@org.eclipse.datatools.enablement.sqlite.feature=GIT,tag=v201108301820,repo=git://git.eclipse.org/gitroot/datatools/org.eclipse.datatools.build.git,path=features/org.eclipse.datatools.enablement.sqlite.feature
feature@org.eclipse.datatools.enablement.oda.ecore.feature=GIT,tag=v201108301820,repo=git://git.eclipse.org/gitroot/datatools/org.eclipse.datatools.build.git,path=features/org.eclipse.datatools.enablement.oda.ecore.feature
feature@org.eclipse.datatools.enablement.oda.ecore.sdk.feature=GIT,tag=v201108301820,repo=git://git.eclipse.org/gitroot/datatools/org.eclipse.datatools.build.git,path=features/org.eclipse.datatools.enablement.oda.ecore.sdk.feature

!**************** SQLDEVTOOLS FEATURES ****************
feature@org.eclipse.datatools.sqldevtools.feature=GIT,tag=v201108301820,repo=git://git.eclipse.org/gitroot/datatools/org.eclipse.datatools.build.git,path=features/org.eclipse.datatools.sqldevtools.feature
feature@org.eclipse.datatools.sqldevtools.data.feature=GIT,tag=v201108301820,repo=git://git.eclipse.org/gitroot/datatools/org.eclipse.datatools.build.git,path=features/org.eclipse.datatools.sqldevtools.data.feature
feature@org.eclipse.datatools.sqldevtools.ddl.feature=GIT,tag=v201108301820,repo=git://git.eclipse.org/gitroot/datatools/org.eclipse.datatools.build.git,path=features/org.eclipse.datatools.sqldevtools.ddl.feature
feature@org.eclipse.datatools.sqldevtools.ddlgen.feature=GIT,tag=v201108301820,repo=git://git.eclipse.org/gitroot/datatools/org.eclipse.datatools.build.git,path=features/org.eclipse.datatools.sqldevtools.ddlgen.feature
feature@org.eclipse.datatools.sqldevtools.parsers.feature=GIT,tag=v201108301820,repo=git://git.eclipse.org/gitroot/datatools/org.eclipse.datatools.build.git,path=features/org.eclipse.datatools.sqldevtools.parsers.feature
feature@org.eclipse.datatools.sqldevtools.results.feature=GIT,tag=v201108301820,repo=git://git.eclipse.org/gitroot/datatools/org.eclipse.datatools.build.git,path=features/org.eclipse.datatools.sqldevtools.results.feature
feature@org.eclipse.datatools.sqldevtools.sqlbuilder.feature=GIT,tag=v201108301820,repo=git://git.eclipse.org/gitroot/datatools/org.eclipse.datatools.build.git,path=features/org.eclipse.datatools.sqldevtools.sqlbuilder.feature
feature@org.eclipse.datatools.sqldevtools.schemaobjecteditor.feature=GIT,tag=v201108301820,repo=git://git.eclipse.org/gitroot/datatools/org.eclipse.datatools.build.git,path=features/org.eclipse.datatools.sqldevtools.schemaobjecteditor.feature

!**************** MODELBASE FEATURES ******************
feature@org.eclipse.datatools.modelbase.feature=GIT,tag=v201108301820,repo=git://git.eclipse.org/gitroot/datatools/org.eclipse.datatools.build.git,path=features/org.eclipse.datatools.modelbase.feature

!**************** DOCUMENT FEATURES *******************
feature@org.eclipse.datatools.intro=GIT,tag=v201108301820,repo=git://git.eclipse.org/gitroot/datatools/org.eclipse.datatools.build.git,path=features/org.eclipse.datatools.intro
feature@org.eclipse.datatools.doc.user=GIT,tag=v201108301820,repo=git://git.eclipse.org/gitroot/datatools/org.eclipse.datatools.build.git,path=features/org.eclipse.datatools.doc.user
feature@org.eclipse.datatools.common.doc.user=GIT,tag=v201108301820,repo=git://git.eclipse.org/gitroot/datatools/org.eclipse.datatools.build.git,path=features/org.eclipse.datatools.common.doc.user
feature@org.eclipse.datatools.connectivity.doc.user=GIT,tag=v201108301820,repo=git://git.eclipse.org/gitroot/datatools/org.eclipse.datatools.build.git,path=features/org.eclipse.datatools.connectivity.doc.user
feature@org.eclipse.datatools.sqltools.doc.user=GIT,tag=v201108301820,repo=git://git.eclipse.org/gitroot/datatools/org.eclipse.datatools.build.git,path=features/org.eclipse.datatools.sqltools.doc.user

plugin@org.eclipse.datatools.sdk=GIT,tag=v200906161850,repo=git://git.eclipse.org/gitroot/datatools/org.eclipse.datatools.build.git,path=plugins/org.eclipse.datatools.sdk
plugin@org.eclipse.datatools.enablement.finfo=GIT,tag=v200906161800,repo=git://git.eclipse.org/gitroot/datatools/org.eclipse.datatools.build.git,path=plugins/org.eclipse.datatools.enablement.finfo
