!**************** SDK FEATURES **************************
feature@org.eclipse.datatools.sdk-all.feature=v201002101530,:ext:xgu@dev.eclipse.org:/cvsroot/datatools,,org.eclipse.datatools.build/R1.6_Feature_Projects/org.eclipse.datatools.sdk-all.feature
feature@org.eclipse.datatools.enablement.sdk.feature=v201002101530,:ext:xgu@dev.eclipse.org:/cvsroot/datatools,,org.eclipse.datatools.build/R1.6_Feature_Projects/org.eclipse.datatools.enablement.sdk.feature
feature@org.eclipse.datatools.sdk.feature=v201002101530,:ext:xgu@dev.eclipse.org:/cvsroot/datatools,,org.eclipse.datatools.build/R1.6_Feature_Projects/org.eclipse.datatools.sdk.feature

!**************** CONNECTIVITY FEATURES *****************
feature@org.eclipse.datatools.connectivity.feature=v201002101530,:ext:xgu@dev.eclipse.org:/cvsroot/datatools,,org.eclipse.datatools.build/R1.6_Feature_Projects/org.eclipse.datatools.connectivity.feature
feature@org.eclipse.datatools.connectivity.oda.designer.feature=v201002101530,:ext:xgu@dev.eclipse.org:/cvsroot/datatools,,org.eclipse.datatools.build/R1.6_Feature_Projects/org.eclipse.datatools.connectivity.oda.designer.feature
feature@org.eclipse.datatools.connectivity.oda.feature=v201002101530,:ext:xgu@dev.eclipse.org:/cvsroot/datatools,,org.eclipse.datatools.build/R1.6_Feature_Projects/org.eclipse.datatools.connectivity.oda.feature

!**************** ENABLEMENT FEATURES *******************
feature@org.eclipse.datatools.enablement.feature=v201002101530,:ext:xgu@dev.eclipse.org:/cvsroot/datatools,,org.eclipse.datatools.build/R1.6_Feature_Projects/org.eclipse.datatools.enablement.feature
feature@org.eclipse.datatools.enablement.apache.derby.feature=v201002101530,:ext:xgu@dev.eclipse.org:/cvsroot/datatools,,org.eclipse.datatools.build/R1.6_Feature_Projects/org.eclipse.datatools.enablement.apache.derby.feature
feature@org.eclipse.datatools.enablement.hsqldb.feature=v201002101530,:ext:xgu@dev.eclipse.org:/cvsroot/datatools,,org.eclipse.datatools.build/R1.6_Feature_Projects/org.eclipse.datatools.enablement.hsqldb.feature
feature@org.eclipse.datatools.enablement.ibm.feature=v201002101530,:ext:xgu@dev.eclipse.org:/cvsroot/datatools,,org.eclipse.datatools.build/R1.6_Feature_Projects/org.eclipse.datatools.enablement.ibm.feature
feature@org.eclipse.datatools.enablement.jdbc.feature=v201002101530,:ext:xgu@dev.eclipse.org:/cvsroot/datatools,,org.eclipse.datatools.build/R1.6_Feature_Projects/org.eclipse.datatools.enablement.jdbc.feature
feature@org.eclipse.datatools.enablement.jdt.feature=v201002101530,:ext:xgu@dev.eclipse.org:/cvsroot/datatools,,org.eclipse.datatools.build/R1.6_Feature_Projects/org.eclipse.datatools.enablement.jdt.feature
feature@org.eclipse.datatools.enablement.msft.feature=v201002101530,:ext:xgu@dev.eclipse.org:/cvsroot/datatools,,org.eclipse.datatools.build/R1.6_Feature_Projects/org.eclipse.datatools.enablement.msft.feature
feature@org.eclipse.datatools.enablement.mysql.feature=v201002101530,:ext:xgu@dev.eclipse.org:/cvsroot/datatools,,org.eclipse.datatools.build/R1.6_Feature_Projects/org.eclipse.datatools.enablement.mysql.feature
feature@org.eclipse.datatools.enablement.oda.designer.feature=v201002101530,:ext:xgu@dev.eclipse.org:/cvsroot/datatools,,org.eclipse.datatools.build/R1.6_Feature_Projects/org.eclipse.datatools.enablement.oda.designer.feature
feature@org.eclipse.datatools.enablement.oda.feature=v201002101530,:ext:xgu@dev.eclipse.org:/cvsroot/datatools,,org.eclipse.datatools.build/R1.6_Feature_Projects/org.eclipse.datatools.enablement.oda.feature
feature@org.eclipse.datatools.enablement.oracle.feature=v201002101530,:ext:xgu@dev.eclipse.org:/cvsroot/datatools,,org.eclipse.datatools.build/R1.6_Feature_Projects/org.eclipse.datatools.enablement.oracle.feature
feature@org.eclipse.datatools.enablement.postgresql.feature=v201002101530,:ext:xgu@dev.eclipse.org:/cvsroot/datatools,,org.eclipse.datatools.build/R1.6_Feature_Projects/org.eclipse.datatools.enablement.postgresql.feature
feature@org.eclipse.datatools.enablement.sap.feature=v201002101530,:ext:xgu@dev.eclipse.org:/cvsroot/datatools,,org.eclipse.datatools.build/R1.6_Feature_Projects/org.eclipse.datatools.enablement.sap.feature
feature@org.eclipse.datatools.enablement.sybase.feature=v201002101530,:ext:xgu@dev.eclipse.org:/cvsroot/datatools,,org.eclipse.datatools.build/R1.6_Feature_Projects/org.eclipse.datatools.enablement.sybase.feature
feature@org.eclipse.datatools.enablement.ingres.feature=v201002101530,:ext:xgu@dev.eclipse.org:/cvsroot/datatools,,org.eclipse.datatools.build/R1.6_Feature_Projects/org.eclipse.datatools.enablement.ingres.feature
feature@org.eclipse.datatools.enablement.sqlite.feature=v201002101530,:ext:xgu@dev.eclipse.org:/cvsroot/datatools,,org.eclipse.datatools.build/R1.6_Feature_Projects/org.eclipse.datatools.enablement.sqlite.feature
feature@org.eclipse.datatools.enablement.oda.ecore.feature=v201002101530,:ext:xgu@dev.eclipse.org:/cvsroot/datatools,,org.eclipse.datatools.build/R1.6_Feature_Projects/org.eclipse.datatools.enablement.oda.ecore.feature
feature@org.eclipse.datatools.enablement.oda.ecore.sdk.feature=v201002101530,:ext:xgu@dev.eclipse.org:/cvsroot/datatools,,org.eclipse.datatools.build/R1.6_Feature_Projects/org.eclipse.datatools.enablement.oda.ecore.sdk.feature

!**************** SQLDEVTOOLS FEATURES ****************
feature@org.eclipse.datatools.sqldevtools.feature=v201002101530,:ext:xgu@dev.eclipse.org:/cvsroot/datatools,,org.eclipse.datatools.build/R1.6_Feature_Projects/org.eclipse.datatools.sqldevtools.feature
feature@org.eclipse.datatools.sqldevtools.data.feature=v201002101530,:ext:xgu@dev.eclipse.org:/cvsroot/datatools,,org.eclipse.datatools.build/R1.6_Feature_Projects/org.eclipse.datatools.sqldevtools.data.feature
feature@org.eclipse.datatools.sqldevtools.ddl.feature=v201002101530,:ext:xgu@dev.eclipse.org:/cvsroot/datatools,,org.eclipse.datatools.build/R1.6_Feature_Projects/org.eclipse.datatools.sqldevtools.ddl.feature
feature@org.eclipse.datatools.sqldevtools.ddlgen.feature=v201002101530,:ext:xgu@dev.eclipse.org:/cvsroot/datatools,,org.eclipse.datatools.build/R1.6_Feature_Projects/org.eclipse.datatools.sqldevtools.ddlgen.feature
feature@org.eclipse.datatools.sqldevtools.parsers.feature=v201002101530,:ext:xgu@dev.eclipse.org:/cvsroot/datatools,,org.eclipse.datatools.build/R1.6_Feature_Projects/org.eclipse.datatools.sqldevtools.parsers.feature
feature@org.eclipse.datatools.sqldevtools.results.feature=v201002101530,:ext:xgu@dev.eclipse.org:/cvsroot/datatools,,org.eclipse.datatools.build/R1.6_Feature_Projects/org.eclipse.datatools.sqldevtools.results.feature
feature@org.eclipse.datatools.sqldevtools.sqlbuilder.feature=v201002101530,:ext:xgu@dev.eclipse.org:/cvsroot/datatools,,org.eclipse.datatools.build/R1.6_Feature_Projects/org.eclipse.datatools.sqldevtools.sqlbuilder.feature
feature@org.eclipse.datatools.sqldevtools.schemaobjecteditor.feature=v201002101530,:ext:xgu@dev.eclipse.org:/cvsroot/datatools,,org.eclipse.datatools.build/R1.6_Feature_Projects/org.eclipse.datatools.sqldevtools.schemaobjecteditor.feature

!**************** MODELBASE FEATURES ******************
feature@org.eclipse.datatools.modelbase.feature=v201002101530,:ext:xgu@dev.eclipse.org:/cvsroot/datatools,,org.eclipse.datatools.build/R1.6_Feature_Projects/org.eclipse.datatools.modelbase.feature

!**************** DOCUMENT FEATURES *******************
feature@org.eclipse.datatools.intro=v201002101530,:ext:xgu@dev.eclipse.org:/cvsroot/datatools,,org.eclipse.datatools.build/R1.6_Feature_Projects/org.eclipse.datatools.intro
feature@org.eclipse.datatools.doc.user=v201002101530,:ext:xgu@dev.eclipse.org:/cvsroot/datatools,,org.eclipse.datatools.build/R1.6_Feature_Projects/org.eclipse.datatools.doc.user
feature@org.eclipse.datatools.common.doc.user=v201002101530,:ext:xgu@dev.eclipse.org:/cvsroot/datatools,,org.eclipse.datatools.build/R1.6_Feature_Projects/org.eclipse.datatools.common.doc.user
feature@org.eclipse.datatools.connectivity.doc.user=v201002101530,:ext:xgu@dev.eclipse.org:/cvsroot/datatools,,org.eclipse.datatools.build/R1.6_Feature_Projects/org.eclipse.datatools.connectivity.doc.user
feature@org.eclipse.datatools.sqltools.doc.user=v201002101530,:ext:xgu@dev.eclipse.org:/cvsroot/datatools,,org.eclipse.datatools.build/R1.6_Feature_Projects/org.eclipse.datatools.sqltools.doc.user