plugin@org.apache.xerces,2.9.0=GET,http://qa-build/BIRTOutput/platform/orbit-S20110521195923-Indigo/bundles/org.apache.xerces_2.9.0.v201101211617.jar
plugin@org.apache.xml.resolver,1.2.0=GET,http://qa-build/BIRTOutput/platform/orbit-S20110521195923-Indigo/bundles/org.apache.xml.resolver_1.2.0.v201005080400.jar
plugin@org.apache.xml.serializer,2.7.1=GET,http://qa-build/BIRTOutput/platform/orbit-S20110521195923-Indigo/bundles/org.apache.xml.serializer_2.7.1.v201005080400.jar
plugin@javax.xml,1.3.4=GET,http://qa-build/BIRTOutput/platform/orbit-S20110521195923-Indigo/bundles/javax.xml_1.3.4.v201005080400.jar
plugin@net.sourceforge.lpg.lpgjavaruntime,1.1.0=GET,http://qa-build/BIRTOutput/platform/orbit-S20110521195923-Indigo/bundles/net.sourceforge.lpg.lpgjavaruntime_1.1.0.v201004271650.jar
plugin@javax.wsdl,1.5.1=GET,http://qa-build/BIRTOutput/platform/orbit-S20110521195923-Indigo/bundles/javax.wsdl_1.5.1.v201012040544.jar
plugin@org.apache.lucene,1.9.1=GET,http://qa-build/BIRTOutput/platform/orbit-S20110521195923-Indigo/bundles/org.apache.lucene_1.9.1.v201101211617.jar